Error 1: Element-wise multiplication of ones detected!
Error 2: Matrix A contains the number 7!
Error 3: Matrix A contains a negative number!
Error 4: Matrix B contains the number 3!
Error 5: Matrix B contains a negative number!
Error 6: Result matrix contains a number bigger than 100!
Error 7: Result matrix contains a number between 11 and 20!
Error 8: Result matrix contains zero!
Error 9: Result matrix contains the number 99!
Error 10: A row in matrix A contains more than one '1'!
Error 11: Every row in matrix B contains at least one '0'!
Error 12: The number of rows in A is equal to the number of columns in B!
Error 13: The first element of matrix A is equal to the first element of matrix B!
Error 14: The result matrix C has an even number of rows!
Error 15: A row in matrix A is filled entirely with 5s!
Error 16: Matrix B contains the number 6!
Error 17: Result matrix C contains the number 17!
Error 18: Matrix A is a square matrix!
Error 19: Every row in matrix A contains the number 8!
Error 20: Number of columns in matrix A is odd!
